Archive member included to satisfy reference by file (symbol)

c:/altera/15.1/nios2eds/bin/gnu/h-x86_64-mingw32/bin/../lib/gcc/nios2-elf/4.9.2/../../../../../H-x86_64-mingw32/nios2-elf/lib\libsmallc.a(lib_a-memcpy.o)
                              obj/default/hello_world_small.o (memcpy)
c:/altera/15.1/nios2eds/bin/gnu/h-x86_64-mingw32/bin/../lib/gcc/nios2-elf/4.9.2/../../../../../H-x86_64-mingw32/nios2-elf/lib\libsmallc.a(lib_a-memset.o)
                              obj/default/hello_world_small.o (memset)
../HelloWorld_bsp/\libhal_bsp.a(alt_load.o)
                              ../HelloWorld_bsp//obj/HAL/src/crt0.o (alt_load)
../HelloWorld_bsp/\libhal_bsp.a(alt_main.o)
                              ../HelloWorld_bsp//obj/HAL/src/crt0.o (alt_main)
../HelloWorld_bsp/\libhal_bsp.a(alt_putstr.o)
                              obj/default/hello_world_small.o (alt_putstr)
../HelloWorld_bsp/\libhal_bsp.a(alt_sys_init.o)
                              ../HelloWorld_bsp/\libhal_bsp.a(alt_main.o) (alt_irq_init)
../HelloWorld_bsp/\libhal_bsp.a(altera_avalon_jtag_uart_write.o)
                              ../HelloWorld_bsp/\libhal_bsp.a(alt_putstr.o) (altera_avalon_jtag_uart_write)
../HelloWorld_bsp/\libhal_bsp.a(alt_dcache_flush_all.o)
                              ../HelloWorld_bsp/\libhal_bsp.a(alt_load.o) (alt_dcache_flush_all)
../HelloWorld_bsp/\libhal_bsp.a(alt_icache_flush_all.o)
                              ../HelloWorld_bsp/\libhal_bsp.a(alt_load.o) (alt_icache_flush_all)
../HelloWorld_bsp/\libhal_bsp.a(altera_nios2_gen2_irq.o)
                              ../HelloWorld_bsp/\libhal_bsp.a(alt_sys_init.o) (altera_nios2_gen2_irq_init)
../HelloWorld_bsp/\libhal_bsp.a(alt_icache_flush.o)
                              ../HelloWorld_bsp/\libhal_bsp.a(alt_icache_flush_all.o) (alt_icache_flush)
c:/altera/15.1/nios2eds/bin/gnu/h-x86_64-mingw32/bin/../lib/gcc/nios2-elf/4.9.2/../../../../../H-x86_64-mingw32/nios2-elf/lib\libsmallc.a(lib_a-strlen.o)
                              ../HelloWorld_bsp/\libhal_bsp.a(alt_putstr.o) (strlen)

Memory Configuration

Name             Origin             Length             Attributes
new_sdram_controller_0 0x0000000000000000 0x0000000002000000
reset            0x0000000020020000 0x0000000000000020
onchip_memory2_0 0x0000000020020020 0x0000000000007fe0
*default*        0x0000000000000000 0xffffffffffffffff

Linker script and memory map

LOAD ../HelloWorld_bsp//obj/HAL/src/crt0.o
LOAD obj/default/hello_world_small.o
LOAD c:/altera/15.1/nios2eds/bin/gnu/h-x86_64-mingw32/bin/../lib/gcc/nios2-elf/4.9.2/../../../../../H-x86_64-mingw32/nios2-elf/lib\libstdc++.a
LOAD c:/altera/15.1/nios2eds/bin/gnu/h-x86_64-mingw32/bin/../lib/gcc/nios2-elf/4.9.2/../../../../../H-x86_64-mingw32/nios2-elf/lib\libm.a
LOAD c:/altera/15.1/nios2eds/bin/gnu/h-x86_64-mingw32/bin/../lib/gcc/nios2-elf/4.9.2\libgcc.a
START GROUP
LOAD c:/altera/15.1/nios2eds/bin/gnu/h-x86_64-mingw32/bin/../lib/gcc/nios2-elf/4.9.2/../../../../../H-x86_64-mingw32/nios2-elf/lib\libsmallc.a
LOAD c:/altera/15.1/nios2eds/bin/gnu/h-x86_64-mingw32/bin/../lib/gcc/nios2-elf/4.9.2\libgcc.a
LOAD ../HelloWorld_bsp/\libhal_bsp.a
LOAD c:/altera/15.1/nios2eds/bin/gnu/h-x86_64-mingw32/bin/../lib/gcc/nios2-elf/4.9.2/../../../../../H-x86_64-mingw32/nios2-elf/lib\libm.a
END GROUP
LOAD c:/altera/15.1/nios2eds/bin/gnu/h-x86_64-mingw32/bin/../lib/gcc/nios2-elf/4.9.2\libgcc.a
                0x0000000000000000                __alt_mem_new_sdram_controller_0 = 0x0
                0x0000000020020000                __alt_mem_onchip_memory2_0 = 0x20020000

.entry          0x0000000020020000       0x20
 *(.entry)
 .entry         0x0000000020020000       0x20 ../HelloWorld_bsp//obj/HAL/src/crt0.o
                0x0000000020020000                __reset
                0x000000002002001c                _exit

.exceptions     0x0000000020020020        0x0
                0x0000000020020020                PROVIDE (__ram_exceptions_start, ABSOLUTE (.))
                0x0000000020020020                . = ALIGN (0x20)
 *(.irq)
 *(.exceptions.entry.label)
 *(.exceptions.entry.user)
 *(.exceptions.entry.ecc_fatal)
 *(.exceptions.entry)
 *(.exceptions.irqtest.user)
 *(.exceptions.irqtest)
 *(.exceptions.irqhandler.user)
 *(.exceptions.irqhandler)
 *(.exceptions.irqreturn.user)
 *(.exceptions.irqreturn)
 *(.exceptions.notirq.label)
 *(.exceptions.notirq.user)
 *(.exceptions.notirq)
 *(.exceptions.soft.user)
 *(.exceptions.soft)
 *(.exceptions.unknown.user)
 *(.exceptions.unknown)
 *(.exceptions.exit.label)
 *(.exceptions.exit.user)
 *(.exceptions.exit)
 *(.exceptions)
                0x0000000020020020                PROVIDE (__ram_exceptions_end, ABSOLUTE (.))
                0x0000000020020020                PROVIDE (__flash_exceptions_start, LOADADDR (.exceptions))

.text           0x0000000020020020      0x388
                0x0000000020020020                PROVIDE (stext, ABSOLUTE (.))
 *(.interp)
 *(.hash)
 *(.dynsym)
 *(.dynstr)
 *(.gnu.version)
 *(.gnu.version_d)
 *(.gnu.version_r)
 *(.rel.init)
 *(.rela.init)
 *(.rel.text .rel.text.* .rel.gnu.linkonce.t.*)
 *(.rela.text .rela.text.* .rela.gnu.linkonce.t.*)
 *(.rel.fini)
 *(.rela.fini)
 *(.rel.rodata .rel.rodata.* .rel.gnu.linkonce.r.*)
 *(.rela.rodata .rela.rodata.* .rela.gnu.linkonce.r.*)
 *(.rel.data .rel.data.* .rel.gnu.linkonce.d.*)
 *(.rela.data .rela.data.* .rela.gnu.linkonce.d.*)
 *(.rel.tdata .rel.tdata.* .rel.gnu.linkonce.td.*)
 *(.rela.tdata .rela.tdata.* .rela.gnu.linkonce.td.*)
 *(.rel.tbss .rel.tbss.* .rel.gnu.linkonce.tb.*)
 *(.rela.tbss .rela.tbss.* .rela.gnu.linkonce.tb.*)
 *(.rel.ctors)
 *(.rela.ctors)
 *(.rel.dtors)
 *(.rela.dtors)
 *(.rel.got)
 *(.rela.got)
 *(.rel.sdata .rel.sdata.* .rel.gnu.linkonce.s.*)
 *(.rela.sdata .rela.sdata.* .rela.gnu.linkonce.s.*)
 *(.rel.sbss .rel.sbss.* .rel.gnu.linkonce.sb.*)
 *(.rela.sbss .rela.sbss.* .rela.gnu.linkonce.sb.*)
 *(.rel.sdata2 .rel.sdata2.* .rel.gnu.linkonce.s2.*)
 *(.rela.sdata2 .rela.sdata2.* .rela.gnu.linkonce.s2.*)
 *(.rel.sbss2 .rel.sbss2.* .rel.gnu.linkonce.sb2.*)
 *(.rela.sbss2 .rela.sbss2.* .rela.gnu.linkonce.sb2.*)
 *(.rel.bss .rel.bss.* .rel.gnu.linkonce.b.*)
 *(.rela.bss .rela.bss.* .rela.gnu.linkonce.b.*)
 *(.rel.plt)
 *(.rela.plt)
 *(.rel.dyn)
 *(.init)
 *(.plt)
 *(.text .stub .text.* .gnu.linkonce.t.*)
 .text          0x0000000020020020       0x4c ../HelloWorld_bsp//obj/HAL/src/crt0.o
                0x0000000020020020                _start
 .text          0x000000002002006c        0x0 obj/default/hello_world_small.o
 .text.startup  0x000000002002006c       0xc0 obj/default/hello_world_small.o
                0x000000002002006c                main
 .text          0x000000002002012c        0x0 c:/altera/15.1/nios2eds/bin/gnu/h-x86_64-mingw32/bin/../lib/gcc/nios2-elf/4.9.2/../../../../../H-x86_64-mingw32/nios2-elf/lib\libsmallc.a(lib_a-memcpy.o)
 .text.memcpy   0x000000002002012c       0x28 c:/altera/15.1/nios2eds/bin/gnu/h-x86_64-mingw32/bin/../lib/gcc/nios2-elf/4.9.2/../../../../../H-x86_64-mingw32/nios2-elf/lib\libsmallc.a(lib_a-memcpy.o)
                0x000000002002012c                memcpy
 .text          0x0000000020020154        0x0 c:/altera/15.1/nios2eds/bin/gnu/h-x86_64-mingw32/bin/../lib/gcc/nios2-elf/4.9.2/../../../../../H-x86_64-mingw32/nios2-elf/lib\libsmallc.a(lib_a-memset.o)
 .text.memset   0x0000000020020154       0x20 c:/altera/15.1/nios2eds/bin/gnu/h-x86_64-mingw32/bin/../lib/gcc/nios2-elf/4.9.2/../../../../../H-x86_64-mingw32/nios2-elf/lib\libsmallc.a(lib_a-memset.o)
                0x0000000020020154                memset
 .text          0x0000000020020174       0xf8 ../HelloWorld_bsp/\libhal_bsp.a(alt_load.o)
                0x0000000020020174                alt_load
 .text          0x000000002002026c       0x2c ../HelloWorld_bsp/\libhal_bsp.a(alt_main.o)
                0x000000002002026c                alt_main
 .text          0x0000000020020298       0x38 ../HelloWorld_bsp/\libhal_bsp.a(alt_putstr.o)
                0x0000000020020298                alt_putstr
 .text          0x00000000200202d0       0x24 ../HelloWorld_bsp/\libhal_bsp.a(alt_sys_init.o)
                0x00000000200202d0                alt_irq_init
                0x00000000200202f0                alt_sys_init
 .text          0x00000000200202f4       0x34 ../HelloWorld_bsp/\libhal_bsp.a(altera_avalon_jtag_uart_write.o)
                0x00000000200202f4                altera_avalon_jtag_uart_write
 .text          0x0000000020020328       0x18 ../HelloWorld_bsp/\libhal_bsp.a(alt_dcache_flush_all.o)
                0x0000000020020328                alt_dcache_flush_all
 .text          0x0000000020020340        0xc ../HelloWorld_bsp/\libhal_bsp.a(alt_icache_flush_all.o)
                0x0000000020020340                alt_icache_flush_all
 .text          0x000000002002034c        0x8 ../HelloWorld_bsp/\libhal_bsp.a(altera_nios2_gen2_irq.o)
                0x000000002002034c                altera_nios2_gen2_irq_init
 .text          0x0000000020020354       0x38 ../HelloWorld_bsp/\libhal_bsp.a(alt_icache_flush.o)
                0x0000000020020354                alt_icache_flush
 .text          0x000000002002038c        0x0 c:/altera/15.1/nios2eds/bin/gnu/h-x86_64-mingw32/bin/../lib/gcc/nios2-elf/4.9.2/../../../../../H-x86_64-mingw32/nios2-elf/lib\libsmallc.a(lib_a-strlen.o)
 .text.strlen   0x000000002002038c       0x1c c:/altera/15.1/nios2eds/bin/gnu/h-x86_64-mingw32/bin/../lib/gcc/nios2-elf/4.9.2/../../../../../H-x86_64-mingw32/nios2-elf/lib\libsmallc.a(lib_a-strlen.o)
                0x000000002002038c                strlen
 *(.gnu.warning.*)
 *(.fini)
                0x00000000200203a8                PROVIDE (__etext, ABSOLUTE (.))
                0x00000000200203a8                PROVIDE (_etext, ABSOLUTE (.))
                0x00000000200203a8                PROVIDE (etext, ABSOLUTE (.))
 *(.eh_frame_hdr)
                0x00000000200203a8                . = ALIGN (0x4)
                0x00000000200203a8                PROVIDE (__preinit_array_start, ABSOLUTE (.))
 *(.preinit_array)
                0x00000000200203a8                PROVIDE (__preinit_array_end, ABSOLUTE (.))
                0x00000000200203a8                PROVIDE (__init_array_start, ABSOLUTE (.))
 *(.init_array)
                0x00000000200203a8                PROVIDE (__init_array_end, ABSOLUTE (.))
                0x00000000200203a8                PROVIDE (__fini_array_start, ABSOLUTE (.))
 *(.fini_array)
                0x00000000200203a8                PROVIDE (__fini_array_end, ABSOLUTE (.))
 *(.eh_frame)
 *(.gcc_except_table .gcc_except_table.*)
 *(.dynamic)
                0x00000000200203a8                PROVIDE (__CTOR_LIST__, ABSOLUTE (.))
 *(.ctors)
 *(SORT(.ctors.*))
                0x00000000200203a8                PROVIDE (__CTOR_END__, ABSOLUTE (.))
                0x00000000200203a8                PROVIDE (__DTOR_LIST__, ABSOLUTE (.))
 *(.dtors)
 *(SORT(.dtors.*))
                0x00000000200203a8                PROVIDE (__DTOR_END__, ABSOLUTE (.))
 *(.jcr)
                0x00000000200203a8                . = ALIGN (0x4)

.rodata         0x0000000000000000       0x18 load address 0x00000000200203a8
                0x0000000000000000                PROVIDE (__ram_rodata_start, ABSOLUTE (.))
                0x0000000000000000                . = ALIGN (0x4)
 *(.rodata .rodata.* .gnu.linkonce.r.*)
 .rodata.str1.4
                0x0000000000000000       0x18 obj/default/hello_world_small.o
 *(.rodata1)
                0x0000000000000018                . = ALIGN (0x4)
                0x0000000000000018                PROVIDE (__ram_rodata_end, ABSOLUTE (.))
                0x00000000200203a8                PROVIDE (__flash_rodata_start, LOADADDR (.rodata))

.rwdata         0x0000000000000018        0x4 load address 0x00000000200203c0
                0x0000000000000018                PROVIDE (__ram_rwdata_start, ABSOLUTE (.))
                0x0000000000000018                . = ALIGN (0x4)
 *(.got.plt)
 *(.got)
 *(.data1)
 *(.data .data.* .gnu.linkonce.d.*)
 .data          0x0000000000000018        0x0 ../HelloWorld_bsp//obj/HAL/src/crt0.o
 .data          0x0000000000000018        0x0 obj/default/hello_world_small.o
 .data          0x0000000000000018        0x0 c:/altera/15.1/nios2eds/bin/gnu/h-x86_64-mingw32/bin/../lib/gcc/nios2-elf/4.9.2/../../../../../H-x86_64-mingw32/nios2-elf/lib\libsmallc.a(lib_a-memcpy.o)
 .data          0x0000000000000018        0x0 c:/altera/15.1/nios2eds/bin/gnu/h-x86_64-mingw32/bin/../lib/gcc/nios2-elf/4.9.2/../../../../../H-x86_64-mingw32/nios2-elf/lib\libsmallc.a(lib_a-memset.o)
 .data          0x0000000000000018        0x0 ../HelloWorld_bsp/\libhal_bsp.a(alt_load.o)
 .data          0x0000000000000018        0x0 ../HelloWorld_bsp/\libhal_bsp.a(alt_main.o)
 .data          0x0000000000000018        0x0 ../HelloWorld_bsp/\libhal_bsp.a(alt_putstr.o)
 .data          0x0000000000000018        0x0 ../HelloWorld_bsp/\libhal_bsp.a(alt_sys_init.o)
 .data          0x0000000000000018        0x0 ../HelloWorld_bsp/\libhal_bsp.a(altera_avalon_jtag_uart_write.o)
 .data          0x0000000000000018        0x0 ../HelloWorld_bsp/\libhal_bsp.a(alt_dcache_flush_all.o)
 .data          0x0000000000000018        0x0 ../HelloWorld_bsp/\libhal_bsp.a(alt_icache_flush_all.o)
 .data          0x0000000000000018        0x0 ../HelloWorld_bsp/\libhal_bsp.a(altera_nios2_gen2_irq.o)
 .data          0x0000000000000018        0x0 ../HelloWorld_bsp/\libhal_bsp.a(alt_icache_flush.o)
 .data          0x0000000000000018        0x0 c:/altera/15.1/nios2eds/bin/gnu/h-x86_64-mingw32/bin/../lib/gcc/nios2-elf/4.9.2/../../../../../H-x86_64-mingw32/nios2-elf/lib\libsmallc.a(lib_a-strlen.o)
                0x0000000000008018                _gp = ABSOLUTE ((. + 0x8000))
                0x0000000000008018                PROVIDE (gp, _gp)
 *(.rwdata .rwdata.*)
 *(.sdata .sdata.* .gnu.linkonce.s.*)
 .sdata         0x0000000000000018        0x4 ../HelloWorld_bsp/\libhal_bsp.a(alt_sys_init.o)
                0x0000000000000018                jtag_uart_0
 *(.sdata2 .sdata2.* .gnu.linkonce.s2.*)
                0x000000000000001c                . = ALIGN (0x4)
                0x000000000000001c                _edata = ABSOLUTE (.)
                0x000000000000001c                PROVIDE (edata, ABSOLUTE (.))
                0x000000000000001c                PROVIDE (__ram_rwdata_end, ABSOLUTE (.))
                0x00000000200203c0                PROVIDE (__flash_rwdata_start, LOADADDR (.rwdata))

.bss            0x000000000000001c        0xc load address 0x00000000200203c4
                0x000000000000001c                __bss_start = ABSOLUTE (.)
                0x000000000000001c                PROVIDE (__sbss_start, ABSOLUTE (.))
                0x000000000000001c                PROVIDE (___sbss_start, ABSOLUTE (.))
 *(.dynsbss)
 *(.sbss .sbss.* .gnu.linkonce.sb.*)
 .sbss          0x000000000000001c        0xc ../HelloWorld_bsp/\libhal_bsp.a(alt_main.o)
                0x000000000000001c                alt_envp
                0x0000000000000020                alt_argv
                0x0000000000000024                alt_argc
 *(.sbss2 .sbss2.* .gnu.linkonce.sb2.*)
 *(.scommon)
                0x0000000000000028                PROVIDE (__sbss_end, ABSOLUTE (.))
                0x0000000000000028                PROVIDE (___sbss_end, ABSOLUTE (.))
 *(.dynbss)
 *(.bss .bss.* .gnu.linkonce.b.*)
 .bss           0x0000000000000028        0x0 ../HelloWorld_bsp//obj/HAL/src/crt0.o
 .bss           0x0000000000000028        0x0 obj/default/hello_world_small.o
 .bss           0x0000000000000028        0x0 c:/altera/15.1/nios2eds/bin/gnu/h-x86_64-mingw32/bin/../lib/gcc/nios2-elf/4.9.2/../../../../../H-x86_64-mingw32/nios2-elf/lib\libsmallc.a(lib_a-memcpy.o)
 .bss           0x0000000000000028        0x0 c:/altera/15.1/nios2eds/bin/gnu/h-x86_64-mingw32/bin/../lib/gcc/nios2-elf/4.9.2/../../../../../H-x86_64-mingw32/nios2-elf/lib\libsmallc.a(lib_a-memset.o)
 .bss           0x0000000000000028        0x0 ../HelloWorld_bsp/\libhal_bsp.a(alt_load.o)
 .bss           0x0000000000000028        0x0 ../HelloWorld_bsp/\libhal_bsp.a(alt_main.o)
 .bss           0x0000000000000028        0x0 ../HelloWorld_bsp/\libhal_bsp.a(alt_putstr.o)
 .bss           0x0000000000000028        0x0 ../HelloWorld_bsp/\libhal_bsp.a(alt_sys_init.o)
 .bss           0x0000000000000028        0x0 ../HelloWorld_bsp/\libhal_bsp.a(altera_avalon_jtag_uart_write.o)
 .bss           0x0000000000000028        0x0 ../HelloWorld_bsp/\libhal_bsp.a(alt_dcache_flush_all.o)
 .bss           0x0000000000000028        0x0 ../HelloWorld_bsp/\libhal_bsp.a(alt_icache_flush_all.o)
 .bss           0x0000000000000028        0x0 ../HelloWorld_bsp/\libhal_bsp.a(altera_nios2_gen2_irq.o)
 .bss           0x0000000000000028        0x0 ../HelloWorld_bsp/\libhal_bsp.a(alt_icache_flush.o)
 .bss           0x0000000000000028        0x0 c:/altera/15.1/nios2eds/bin/gnu/h-x86_64-mingw32/bin/../lib/gcc/nios2-elf/4.9.2/../../../../../H-x86_64-mingw32/nios2-elf/lib\libsmallc.a(lib_a-strlen.o)
 *(COMMON)
                0x0000000000000028                . = ALIGN (0x4)
                0x0000000000000028                __bss_end = ABSOLUTE (.)

.new_sdram_controller_0
                0x0000000000000028        0x0 load address 0x00000000200203c4
                0x0000000000000028                PROVIDE (_alt_partition_new_sdram_controller_0_start, ABSOLUTE (.))
 *(.new_sdram_controller_0 .new_sdram_controller_0. new_sdram_controller_0.*)
                0x0000000000000028                . = ALIGN (0x4)
                0x0000000000000028                PROVIDE (_alt_partition_new_sdram_controller_0_end, ABSOLUTE (.))
                0x0000000000000028                _end = ABSOLUTE (.)
                0x0000000000000028                end = ABSOLUTE (.)
                0x0000000000000028                __alt_stack_base = ABSOLUTE (.)
                0x00000000200203c4                PROVIDE (_alt_partition_new_sdram_controller_0_load_addr, LOADADDR (.new_sdram_controller_0))

.onchip_memory2_0
                0x00000000200203c4        0x0
                0x00000000200203c4                PROVIDE (_alt_partition_onchip_memory2_0_start, ABSOLUTE (.))
 *(.onchip_memory2_0 .onchip_memory2_0. onchip_memory2_0.*)
                0x00000000200203c4                . = ALIGN (0x4)
                0x00000000200203c4                PROVIDE (_alt_partition_onchip_memory2_0_end, ABSOLUTE (.))
                0x00000000200203c4                PROVIDE (_alt_partition_onchip_memory2_0_load_addr, LOADADDR (.onchip_memory2_0))

.stab
 *(.stab)

.stabstr
 *(.stabstr)

.stab.excl
 *(.stab.excl)

.stab.exclstr
 *(.stab.exclstr)

.stab.index
 *(.stab.index)

.stab.indexstr
 *(.stab.indexstr)

.comment        0x0000000000000000       0x23
 *(.comment)
 .comment       0x0000000000000000       0x23 obj/default/hello_world_small.o
                                         0x24 (size before relaxing)
 .comment       0x0000000000000000       0x24 c:/altera/15.1/nios2eds/bin/gnu/h-x86_64-mingw32/bin/../lib/gcc/nios2-elf/4.9.2/../../../../../H-x86_64-mingw32/nios2-elf/lib\libsmallc.a(lib_a-memcpy.o)
 .comment       0x0000000000000000       0x24 c:/altera/15.1/nios2eds/bin/gnu/h-x86_64-mingw32/bin/../lib/gcc/nios2-elf/4.9.2/../../../../../H-x86_64-mingw32/nios2-elf/lib\libsmallc.a(lib_a-memset.o)
 .comment       0x0000000000000000       0x24 ../HelloWorld_bsp/\libhal_bsp.a(alt_load.o)
 .comment       0x0000000000000000       0x24 ../HelloWorld_bsp/\libhal_bsp.a(alt_main.o)
 .comment       0x0000000000000000       0x24 ../HelloWorld_bsp/\libhal_bsp.a(alt_putstr.o)
 .comment       0x0000000000000000       0x24 ../HelloWorld_bsp/\libhal_bsp.a(alt_sys_init.o)
 .comment       0x0000000000000000       0x24 ../HelloWorld_bsp/\libhal_bsp.a(altera_avalon_jtag_uart_write.o)
 .comment       0x0000000000000000       0x24 ../HelloWorld_bsp/\libhal_bsp.a(alt_dcache_flush_all.o)
 .comment       0x0000000000000000       0x24 ../HelloWorld_bsp/\libhal_bsp.a(alt_icache_flush_all.o)
 .comment       0x0000000000000000       0x24 ../HelloWorld_bsp/\libhal_bsp.a(altera_nios2_gen2_irq.o)
 .comment       0x0000000000000000       0x24 ../HelloWorld_bsp/\libhal_bsp.a(alt_icache_flush.o)
 .comment       0x0000000000000000       0x24 c:/altera/15.1/nios2eds/bin/gnu/h-x86_64-mingw32/bin/../lib/gcc/nios2-elf/4.9.2/../../../../../H-x86_64-mingw32/nios2-elf/lib\libsmallc.a(lib_a-strlen.o)

.debug
 *(.debug)

.line
 *(.line)

.debug_srcinfo
 *(.debug_srcinfo)

.debug_sfnames
 *(.debug_sfnames)

.debug_aranges  0x0000000000000000      0x1c8
 *(.debug_aranges)
 .debug_aranges
                0x0000000000000000       0x28 ../HelloWorld_bsp//obj/HAL/src/crt0.o
 .debug_aranges
                0x0000000000000028       0x20 obj/default/hello_world_small.o
 .debug_aranges
                0x0000000000000048       0x20 c:/altera/15.1/nios2eds/bin/gnu/h-x86_64-mingw32/bin/../lib/gcc/nios2-elf/4.9.2/../../../../../H-x86_64-mingw32/nios2-elf/lib\libsmallc.a(lib_a-memcpy.o)
 .debug_aranges
                0x0000000000000068       0x20 c:/altera/15.1/nios2eds/bin/gnu/h-x86_64-mingw32/bin/../lib/gcc/nios2-elf/4.9.2/../../../../../H-x86_64-mingw32/nios2-elf/lib\libsmallc.a(lib_a-memset.o)
 .debug_aranges
                0x0000000000000088       0x20 ../HelloWorld_bsp/\libhal_bsp.a(alt_load.o)
 .debug_aranges
                0x00000000000000a8       0x20 ../HelloWorld_bsp/\libhal_bsp.a(alt_main.o)
 .debug_aranges
                0x00000000000000c8       0x20 ../HelloWorld_bsp/\libhal_bsp.a(alt_putstr.o)
 .debug_aranges
                0x00000000000000e8       0x20 ../HelloWorld_bsp/\libhal_bsp.a(alt_sys_init.o)
 .debug_aranges
                0x0000000000000108       0x20 ../HelloWorld_bsp/\libhal_bsp.a(altera_avalon_jtag_uart_write.o)
 .debug_aranges
                0x0000000000000128       0x20 ../HelloWorld_bsp/\libhal_bsp.a(alt_dcache_flush_all.o)
 .debug_aranges
                0x0000000000000148       0x20 ../HelloWorld_bsp/\libhal_bsp.a(alt_icache_flush_all.o)
 .debug_aranges
                0x0000000000000168       0x20 ../HelloWorld_bsp/\libhal_bsp.a(altera_nios2_gen2_irq.o)
 .debug_aranges
                0x0000000000000188       0x20 ../HelloWorld_bsp/\libhal_bsp.a(alt_icache_flush.o)
 .debug_aranges
                0x00000000000001a8       0x20 c:/altera/15.1/nios2eds/bin/gnu/h-x86_64-mingw32/bin/../lib/gcc/nios2-elf/4.9.2/../../../../../H-x86_64-mingw32/nios2-elf/lib\libsmallc.a(lib_a-strlen.o)

.debug_pubnames
 *(.debug_pubnames)

.debug_info     0x0000000000000000      0xfd8
 *(.debug_info .gnu.linkonce.wi.*)
 .debug_info    0x0000000000000000       0x7d ../HelloWorld_bsp//obj/HAL/src/crt0.o
 .debug_info    0x000000000000007d      0x25c obj/default/hello_world_small.o
 .debug_info    0x00000000000002d9      0x106 c:/altera/15.1/nios2eds/bin/gnu/h-x86_64-mingw32/bin/../lib/gcc/nios2-elf/4.9.2/../../../../../H-x86_64-mingw32/nios2-elf/lib\libsmallc.a(lib_a-memcpy.o)
 .debug_info    0x00000000000003df       0xd5 c:/altera/15.1/nios2eds/bin/gnu/h-x86_64-mingw32/bin/../lib/gcc/nios2-elf/4.9.2/../../../../../H-x86_64-mingw32/nios2-elf/lib\libsmallc.a(lib_a-memset.o)
 .debug_info    0x00000000000004b4      0x1ba ../HelloWorld_bsp/\libhal_bsp.a(alt_load.o)
 .debug_info    0x000000000000066e      0x17b ../HelloWorld_bsp/\libhal_bsp.a(alt_main.o)
 .debug_info    0x00000000000007e9      0x15d ../HelloWorld_bsp/\libhal_bsp.a(alt_putstr.o)
 .debug_info    0x0000000000000946      0x17a ../HelloWorld_bsp/\libhal_bsp.a(alt_sys_init.o)
 .debug_info    0x0000000000000ac0      0x190 ../HelloWorld_bsp/\libhal_bsp.a(altera_avalon_jtag_uart_write.o)
 .debug_info    0x0000000000000c50       0x9f ../HelloWorld_bsp/\libhal_bsp.a(alt_dcache_flush_all.o)
 .debug_info    0x0000000000000cef       0xc5 ../HelloWorld_bsp/\libhal_bsp.a(alt_icache_flush_all.o)
 .debug_info    0x0000000000000db4       0x8b ../HelloWorld_bsp/\libhal_bsp.a(altera_nios2_gen2_irq.o)
 .debug_info    0x0000000000000e3f       0xd7 ../HelloWorld_bsp/\libhal_bsp.a(alt_icache_flush.o)
 .debug_info    0x0000000000000f16       0xc2 c:/altera/15.1/nios2eds/bin/gnu/h-x86_64-mingw32/bin/../lib/gcc/nios2-elf/4.9.2/../../../../../H-x86_64-mingw32/nios2-elf/lib\libsmallc.a(lib_a-strlen.o)

.debug_abbrev   0x0000000000000000      0x96d
 *(.debug_abbrev)
 .debug_abbrev  0x0000000000000000       0x12 ../HelloWorld_bsp//obj/HAL/src/crt0.o
 .debug_abbrev  0x0000000000000012      0x133 obj/default/hello_world_small.o
 .debug_abbrev  0x0000000000000145       0xa4 c:/altera/15.1/nios2eds/bin/gnu/h-x86_64-mingw32/bin/../lib/gcc/nios2-elf/4.9.2/../../../../../H-x86_64-mingw32/nios2-elf/lib\libsmallc.a(lib_a-memcpy.o)
 .debug_abbrev  0x00000000000001e9       0x8e c:/altera/15.1/nios2eds/bin/gnu/h-x86_64-mingw32/bin/../lib/gcc/nios2-elf/4.9.2/../../../../../H-x86_64-mingw32/nios2-elf/lib\libsmallc.a(lib_a-memset.o)
 .debug_abbrev  0x0000000000000277       0xd8 ../HelloWorld_bsp/\libhal_bsp.a(alt_load.o)
 .debug_abbrev  0x000000000000034f      0x120 ../HelloWorld_bsp/\libhal_bsp.a(alt_main.o)
 .debug_abbrev  0x000000000000046f       0xe2 ../HelloWorld_bsp/\libhal_bsp.a(alt_putstr.o)
 .debug_abbrev  0x0000000000000551      0x107 ../HelloWorld_bsp/\libhal_bsp.a(alt_sys_init.o)
 .debug_abbrev  0x0000000000000658       0xd5 ../HelloWorld_bsp/\libhal_bsp.a(altera_avalon_jtag_uart_write.o)
 .debug_abbrev  0x000000000000072d       0x5a ../HelloWorld_bsp/\libhal_bsp.a(alt_dcache_flush_all.o)
 .debug_abbrev  0x0000000000000787       0x8a ../HelloWorld_bsp/\libhal_bsp.a(alt_icache_flush_all.o)
 .debug_abbrev  0x0000000000000811       0x42 ../HelloWorld_bsp/\libhal_bsp.a(altera_nios2_gen2_irq.o)
 .debug_abbrev  0x0000000000000853       0x9b ../HelloWorld_bsp/\libhal_bsp.a(alt_icache_flush.o)
 .debug_abbrev  0x00000000000008ee       0x7f c:/altera/15.1/nios2eds/bin/gnu/h-x86_64-mingw32/bin/../lib/gcc/nios2-elf/4.9.2/../../../../../H-x86_64-mingw32/nios2-elf/lib\libsmallc.a(lib_a-strlen.o)

.debug_line     0x0000000000000000      0xb5d
 *(.debug_line)
 .debug_line    0x0000000000000000       0x72 ../HelloWorld_bsp//obj/HAL/src/crt0.o
 .debug_line    0x0000000000000072       0xe6 obj/default/hello_world_small.o
 .debug_line    0x0000000000000158      0x15b c:/altera/15.1/nios2eds/bin/gnu/h-x86_64-mingw32/bin/../lib/gcc/nios2-elf/4.9.2/../../../../../H-x86_64-mingw32/nios2-elf/lib\libsmallc.a(lib_a-memcpy.o)
 .debug_line    0x00000000000002b3      0x15a c:/altera/15.1/nios2eds/bin/gnu/h-x86_64-mingw32/bin/../lib/gcc/nios2-elf/4.9.2/../../../../../H-x86_64-mingw32/nios2-elf/lib\libsmallc.a(lib_a-memset.o)
 .debug_line    0x000000000000040d       0xa6 ../HelloWorld_bsp/\libhal_bsp.a(alt_load.o)
 .debug_line    0x00000000000004b3       0xbd ../HelloWorld_bsp/\libhal_bsp.a(alt_main.o)
 .debug_line    0x0000000000000570       0xf5 ../HelloWorld_bsp/\libhal_bsp.a(alt_putstr.o)
 .debug_line    0x0000000000000665      0x101 ../HelloWorld_bsp/\libhal_bsp.a(alt_sys_init.o)
 .debug_line    0x0000000000000766       0xf0 ../HelloWorld_bsp/\libhal_bsp.a(altera_avalon_jtag_uart_write.o)
 .debug_line    0x0000000000000856       0x5a ../HelloWorld_bsp/\libhal_bsp.a(alt_dcache_flush_all.o)
 .debug_line    0x00000000000008b0       0x87 ../HelloWorld_bsp/\libhal_bsp.a(alt_icache_flush_all.o)
 .debug_line    0x0000000000000937       0x50 ../HelloWorld_bsp/\libhal_bsp.a(altera_nios2_gen2_irq.o)
 .debug_line    0x0000000000000987       0x7d ../HelloWorld_bsp/\libhal_bsp.a(alt_icache_flush.o)
 .debug_line    0x0000000000000a04      0x159 c:/altera/15.1/nios2eds/bin/gnu/h-x86_64-mingw32/bin/../lib/gcc/nios2-elf/4.9.2/../../../../../H-x86_64-mingw32/nios2-elf/lib\libsmallc.a(lib_a-strlen.o)

.debug_frame    0x0000000000000000      0x1f8
 *(.debug_frame)
 .debug_frame   0x0000000000000000       0x30 obj/default/hello_world_small.o
 .debug_frame   0x0000000000000030       0x20 c:/altera/15.1/nios2eds/bin/gnu/h-x86_64-mingw32/bin/../lib/gcc/nios2-elf/4.9.2/../../../../../H-x86_64-mingw32/nios2-elf/lib\libsmallc.a(lib_a-memcpy.o)
 .debug_frame   0x0000000000000050       0x20 c:/altera/15.1/nios2eds/bin/gnu/h-x86_64-mingw32/bin/../lib/gcc/nios2-elf/4.9.2/../../../../../H-x86_64-mingw32/nios2-elf/lib\libsmallc.a(lib_a-memset.o)
 .debug_frame   0x0000000000000070       0x30 ../HelloWorld_bsp/\libhal_bsp.a(alt_load.o)
 .debug_frame   0x00000000000000a0       0x2c ../HelloWorld_bsp/\libhal_bsp.a(alt_main.o)
 .debug_frame   0x00000000000000cc       0x30 ../HelloWorld_bsp/\libhal_bsp.a(alt_putstr.o)
 .debug_frame   0x00000000000000fc       0x3c ../HelloWorld_bsp/\libhal_bsp.a(alt_sys_init.o)
 .debug_frame   0x0000000000000138       0x20 ../HelloWorld_bsp/\libhal_bsp.a(altera_avalon_jtag_uart_write.o)
 .debug_frame   0x0000000000000158       0x20 ../HelloWorld_bsp/\libhal_bsp.a(alt_dcache_flush_all.o)
 .debug_frame   0x0000000000000178       0x20 ../HelloWorld_bsp/\libhal_bsp.a(alt_icache_flush_all.o)
 .debug_frame   0x0000000000000198       0x20 ../HelloWorld_bsp/\libhal_bsp.a(altera_nios2_gen2_irq.o)
 .debug_frame   0x00000000000001b8       0x20 ../HelloWorld_bsp/\libhal_bsp.a(alt_icache_flush.o)
 .debug_frame   0x00000000000001d8       0x20 c:/altera/15.1/nios2eds/bin/gnu/h-x86_64-mingw32/bin/../lib/gcc/nios2-elf/4.9.2/../../../../../H-x86_64-mingw32/nios2-elf/lib\libsmallc.a(lib_a-strlen.o)

.debug_str      0x0000000000000000      0x67f
 *(.debug_str)
 .debug_str     0x0000000000000000      0x131 obj/default/hello_world_small.o
                                        0x16f (size before relaxing)
 .debug_str     0x0000000000000131      0x132 c:/altera/15.1/nios2eds/bin/gnu/h-x86_64-mingw32/bin/../lib/gcc/nios2-elf/4.9.2/../../../../../H-x86_64-mingw32/nios2-elf/lib\libsmallc.a(lib_a-memcpy.o)
                                        0x1cb (size before relaxing)
 .debug_str     0x0000000000000263       0x3a c:/altera/15.1/nios2eds/bin/gnu/h-x86_64-mingw32/bin/../lib/gcc/nios2-elf/4.9.2/../../../../../H-x86_64-mingw32/nios2-elf/lib\libsmallc.a(lib_a-memset.o)
                                        0x1b7 (size before relaxing)
 .debug_str     0x000000000000029d      0x164 ../HelloWorld_bsp/\libhal_bsp.a(alt_load.o)
                                        0x22b (size before relaxing)
 .debug_str     0x0000000000000401       0x8f ../HelloWorld_bsp/\libhal_bsp.a(alt_main.o)
                                        0x1a4 (size before relaxing)
 .debug_str     0x0000000000000490       0x66 ../HelloWorld_bsp/\libhal_bsp.a(alt_putstr.o)
                                        0x188 (size before relaxing)
 .debug_str     0x00000000000004f6       0x86 ../HelloWorld_bsp/\libhal_bsp.a(alt_sys_init.o)
                                        0x215 (size before relaxing)
 .debug_str     0x000000000000057c       0x3f ../HelloWorld_bsp/\libhal_bsp.a(altera_avalon_jtag_uart_write.o)
                                        0x204 (size before relaxing)
 .debug_str     0x00000000000005bb       0x1f ../HelloWorld_bsp/\libhal_bsp.a(alt_dcache_flush_all.o)
                                        0x144 (size before relaxing)
 .debug_str     0x00000000000005da       0x30 ../HelloWorld_bsp/\libhal_bsp.a(alt_icache_flush_all.o)
                                        0x15d (size before relaxing)
 .debug_str     0x000000000000060a       0x20 ../HelloWorld_bsp/\libhal_bsp.a(altera_nios2_gen2_irq.o)
                                        0x14b (size before relaxing)
 .debug_str     0x000000000000062a       0x1b ../HelloWorld_bsp/\libhal_bsp.a(alt_icache_flush.o)
                                        0x14a (size before relaxing)
 .debug_str     0x0000000000000645       0x3a c:/altera/15.1/nios2eds/bin/gnu/h-x86_64-mingw32/bin/../lib/gcc/nios2-elf/4.9.2/../../../../../H-x86_64-mingw32/nios2-elf/lib\libsmallc.a(lib_a-strlen.o)
                                        0x1bd (size before relaxing)

.debug_loc      0x0000000000000000      0x39d
 *(.debug_loc)
 .debug_loc     0x0000000000000000       0x6b obj/default/hello_world_small.o
 .debug_loc     0x000000000000006b      0x11b c:/altera/15.1/nios2eds/bin/gnu/h-x86_64-mingw32/bin/../lib/gcc/nios2-elf/4.9.2/../../../../../H-x86_64-mingw32/nios2-elf/lib\libsmallc.a(lib_a-memcpy.o)
 .debug_loc     0x0000000000000186       0xa5 c:/altera/15.1/nios2eds/bin/gnu/h-x86_64-mingw32/bin/../lib/gcc/nios2-elf/4.9.2/../../../../../H-x86_64-mingw32/nios2-elf/lib\libsmallc.a(lib_a-memset.o)
 .debug_loc     0x000000000000022b       0x37 ../HelloWorld_bsp/\libhal_bsp.a(alt_putstr.o)
 .debug_loc     0x0000000000000262       0x21 ../HelloWorld_bsp/\libhal_bsp.a(alt_sys_init.o)
 .debug_loc     0x0000000000000283       0x8b ../HelloWorld_bsp/\libhal_bsp.a(altera_avalon_jtag_uart_write.o)
 .debug_loc     0x000000000000030e       0x1f ../HelloWorld_bsp/\libhal_bsp.a(alt_dcache_flush_all.o)
 .debug_loc     0x000000000000032d       0x52 ../HelloWorld_bsp/\libhal_bsp.a(alt_icache_flush.o)
 .debug_loc     0x000000000000037f       0x1e c:/altera/15.1/nios2eds/bin/gnu/h-x86_64-mingw32/bin/../lib/gcc/nios2-elf/4.9.2/../../../../../H-x86_64-mingw32/nios2-elf/lib\libsmallc.a(lib_a-strlen.o)

.debug_macinfo
 *(.debug_macinfo)

.debug_weaknames
 *(.debug_weaknames)

.debug_funcnames
 *(.debug_funcnames)

.debug_typenames
 *(.debug_typenames)

.debug_varnames
 *(.debug_varnames)

.debug_alt_sim_info
                0x0000000000000000       0x30
 *(.debug_alt_sim_info)
 .debug_alt_sim_info
                0x0000000000000000       0x30 ../HelloWorld_bsp//obj/HAL/src/crt0.o
                0x0000000002000000                __alt_data_end = 0x2000000
                0x0000000002000000                PROVIDE (__alt_stack_pointer, __alt_data_end)
                0x0000000000000028                PROVIDE (__alt_stack_limit, __alt_stack_base)
                0x0000000000000028                PROVIDE (__alt_heap_start, end)
                0x0000000002000000                PROVIDE (__alt_heap_limit, 0x2000000)
OUTPUT(HelloWorld.elf elf32-littlenios2)

.debug_ranges   0x0000000000000000       0xd0
 .debug_ranges  0x0000000000000000       0x20 ../HelloWorld_bsp//obj/HAL/src/crt0.o
 .debug_ranges  0x0000000000000020       0x28 obj/default/hello_world_small.o
 .debug_ranges  0x0000000000000048       0x10 c:/altera/15.1/nios2eds/bin/gnu/h-x86_64-mingw32/bin/../lib/gcc/nios2-elf/4.9.2/../../../../../H-x86_64-mingw32/nios2-elf/lib\libsmallc.a(lib_a-memcpy.o)
 .debug_ranges  0x0000000000000058       0x10 c:/altera/15.1/nios2eds/bin/gnu/h-x86_64-mingw32/bin/../lib/gcc/nios2-elf/4.9.2/../../../../../H-x86_64-mingw32/nios2-elf/lib\libsmallc.a(lib_a-memset.o)
 .debug_ranges  0x0000000000000068       0x48 ../HelloWorld_bsp/\libhal_bsp.a(alt_load.o)
 .debug_ranges  0x00000000000000b0       0x10 ../HelloWorld_bsp/\libhal_bsp.a(alt_icache_flush.o)
 .debug_ranges  0x00000000000000c0       0x10 c:/altera/15.1/nios2eds/bin/gnu/h-x86_64-mingw32/bin/../lib/gcc/nios2-elf/4.9.2/../../../../../H-x86_64-mingw32/nios2-elf/lib\libsmallc.a(lib_a-strlen.o)
